// Vitest Snapshot v1, https://vitest.dev/guide/snapshot.html

exports[`LayerSelector tests > LayerSelector snapshot 1`] = `
<DocumentFragment>
  <div>
    <div
      aria-haspopup="true"
      class="layer-selector"
    >
      <input
        alt="layers"
        class="layer-selector__toggle"
        src="/packages/layer-selector/src/layers.svg"
        type="image"
      />
      <form
        class="layer-selector--hidden"
      >
        <div
          class="layer-selector--layers"
        >
          <div
            class="layer-selector-item radio checkbox"
          >
            <label
              class="layer-selector--item"
            >
              <input
                checked=""
                name="baselayer"
                type="radio"
                value="Lite"
              />
              <span
                class="layer-selector-item--text"
              >
                Lite
              </span>
            </label>
          </div>
          <div
            class="layer-selector-item radio checkbox"
          >
            <label
              class="layer-selector--item"
            >
              <input
                name="baselayer"
                type="radio"
                value="Terrain"
              />
              <span
                class="layer-selector-item--text"
              >
                Terrain
              </span>
            </label>
          </div>
          <div
            class="layer-selector-item radio checkbox"
          >
            <label
              class="layer-selector--item"
            >
              <input
                name="baselayer"
                type="radio"
                value="Topo"
              />
              <span
                class="layer-selector-item--text"
              >
                Topo
              </span>
            </label>
          </div>
          <div
            class="layer-selector-item radio checkbox"
          >
            <label
              class="layer-selector--item"
            >
              <input
                name="baselayer"
                type="radio"
                value="Color IR"
              />
              <span
                class="layer-selector-item--text"
              >
                Color IR
              </span>
            </label>
          </div>
        </div>
      </form>
    </div>
  </div>
</DocumentFragment>
`;
